// Jest Snapshot v1, https://goo.gl/fbAQLP

exports[`Bio Component renders correctly 1`] = `
Object {
  "asFragment": [Function],
  "baseElement": <body>
    <div>
      <div
        style="display: flex; margin-bottom: 4.375rem;"
      >
        <div
          class=" gatsby-image-wrapper"
          style="position: relative; overflow: hidden; display: inline-block; width: 1px; height: 1px; margin-right: 0.875rem; margin-bottom: 0px; min-width: 50px; border-radius: 100%;"
        >
          <img
            alt=""
            src="foo"
            style="position: absolute; top: 0px; left: 0px; width: 100%; height: 100%; object-fit: cover; object-position: center; opacity: 1; transition-delay: 500ms; border-radius: 50%;"
          />
          <picture>
            <source
              srcset="foo"
            />
            <img
              alt="Mock author"
              height="1"
              loading="lazy"
              src="foo"
              srcset="foo"
              style="position: absolute; top: 0px; left: 0px; width: 100%; height: 100%; object-fit: cover; object-position: center; opacity: 0; transition: opacity 500ms; border-radius: 50%;"
              width="1"
            />
          </picture>
          <noscript>
            &lt;picture&gt;&lt;source srcset="foo" /&gt;&lt;img loading="lazy" width="1" height="1" srcset="foo" src="foo" alt="Mock author" style="position:absolute;top:0;left:0;opacity:1;width:100%;height:100%;object-fit:cover;object-position:center"/&gt;&lt;/picture&gt;
          </noscript>
        </div>
        <p>
          Written by 
          <strong>
            Mock author
          </strong>
           who lives and works near Seattle, WA.
        </p>
      </div>
    </div>
  </body>,
  "container": <div>
    <div
      style="display: flex; margin-bottom: 4.375rem;"
    >
      <div
        class=" gatsby-image-wrapper"
        style="position: relative; overflow: hidden; display: inline-block; width: 1px; height: 1px; margin-right: 0.875rem; margin-bottom: 0px; min-width: 50px; border-radius: 100%;"
      >
        <img
          alt=""
          src="foo"
          style="position: absolute; top: 0px; left: 0px; width: 100%; height: 100%; object-fit: cover; object-position: center; opacity: 1; transition-delay: 500ms; border-radius: 50%;"
        />
        <picture>
          <source
            srcset="foo"
          />
          <img
            alt="Mock author"
            height="1"
            loading="lazy"
            src="foo"
            srcset="foo"
            style="position: absolute; top: 0px; left: 0px; width: 100%; height: 100%; object-fit: cover; object-position: center; opacity: 0; transition: opacity 500ms; border-radius: 50%;"
            width="1"
          />
        </picture>
        <noscript>
          &lt;picture&gt;&lt;source srcset="foo" /&gt;&lt;img loading="lazy" width="1" height="1" srcset="foo" src="foo" alt="Mock author" style="position:absolute;top:0;left:0;opacity:1;width:100%;height:100%;object-fit:cover;object-position:center"/&gt;&lt;/picture&gt;
        </noscript>
      </div>
      <p>
        Written by 
        <strong>
          Mock author
        </strong>
         who lives and works near Seattle, WA.
      </p>
    </div>
  </div>,
  "debug": [Function],
  "findAllByAltText": [Function],
  "findAllByDisplayValue": [Function],
  "findAllByLabelText": [Function],
  "findAllByPlaceholderText": [Function],
  "findAllByRole": [Function],
  "findAllByTestId": [Function],
  "findAllByText": [Function],
  "findAllByTitle": [Function],
  "findByAltText": [Function],
  "findByDisplayValue": [Function],
  "findByLabelText": [Function],
  "findByPlaceholderText": [Function],
  "findByRole": [Function],
  "findByTestId": [Function],
  "findByText": [Function],
  "findByTitle": [Function],
  "getAllByAltText": [Function],
  "getAllByDisplayValue": [Function],
  "getAllByLabelText": [Function],
  "getAllByPlaceholderText": [Function],
  "getAllByRole": [Function],
  "getAllByTestId": [Function],
  "getAllByText": [Function],
  "getAllByTitle": [Function],
  "getByAltText": [Function],
  "getByDisplayValue": [Function],
  "getByLabelText": [Function],
  "getByPlaceholderText": [Function],
  "getByRole": [Function],
  "getByTestId": [Function],
  "getByText": [Function],
  "getByTitle": [Function],
  "queryAllByAltText": [Function],
  "queryAllByDisplayValue": [Function],
  "queryAllByLabelText": [Function],
  "queryAllByPlaceholderText": [Function],
  "queryAllByRole": [Function],
  "queryAllByTestId": [Function],
  "queryAllByText": [Function],
  "queryAllByTitle": [Function],
  "queryByAltText": [Function],
  "queryByDisplayValue": [Function],
  "queryByLabelText": [Function],
  "queryByPlaceholderText": [Function],
  "queryByRole": [Function],
  "queryByTestId": [Function],
  "queryByText": [Function],
  "queryByTitle": [Function],
  "rerender": [Function],
  "unmount": [Function],
}
`;
